[affixtheme.com/html/xmee/demo/login-23.html]
[backblue.gif]
[fade.gif]
[index.html]
[affixtheme.com/html/xmee/demo/img/favicon.png]
[affixtheme.com/html/xmee/demo/css/bootstrap.min.css]
[affixtheme.com/html/xmee/demo/css/fontawesome-all.min.css]
[affixtheme.com/html/xmee/demo/font/flaticon.css]
[affixtheme.com/html/xmee/demo/img/figure/bg23-l.jpg]
[affixtheme.com/html/xmee/demo/img/elements/overlay.png]
[affixtheme.com/html/xmee/demo/style.css]
[affixtheme.com/html/xmee/demo/img/logo-23.png]
[affixtheme.com/html/xmee/demo/forgot-password-23.html]
[affixtheme.com/html/xmee/demo/register-23.html]
[affixtheme.com/html/xmee/demo/js/popper.min.js]
[affixtheme.com/html/xmee/demo/js/bootstrap.min.js]
[affixtheme.com/html/xmee/demo/js/jquery-3.5.0.min.js]
[affixtheme.com/html/xmee/demo/js/imagesloaded.pkgd.min.js]
[affixtheme.com/html/xmee/demo/js/validator.min.js]
[affixtheme.com/html/xmee/demo/js/main.js]
[affixtheme.com/html/xmee/demo/login-23.html]
[affixtheme.com/html/xmee/demo/css/bootstrap.min.css]
[affixtheme.com/html/xmee/demo/webfonts/fa-brands-400.eot]
[affixtheme.com/html/xmee/demo/webfonts/fa-brands-400d41d.eot]
[affixtheme.com/html/xmee/demo/webfonts/fa-brands-400.woff2]
[affixtheme.com/html/xmee/demo/webfonts/fa-brands-400.woff]
[affixtheme.com/html/xmee/demo/webfonts/fa-brands-400.ttf]
[affixtheme.com/html/xmee/demo/webfonts/fa-regular-400.eot]
[affixtheme.com/html/xmee/demo/webfonts/fa-regular-400d41d.eot]
[affixtheme.com/html/xmee/demo/webfonts/fa-regular-400.woff2]
[affixtheme.com/html/xmee/demo/webfonts/fa-regular-400.woff]
[affixtheme.com/html/xmee/demo/webfonts/fa-regular-400.ttf]
[affixtheme.com/html/xmee/demo/webfonts/fa-solid-900.eot]
[affixtheme.com/html/xmee/demo/webfonts/fa-solid-900d41d.eot]
[affixtheme.com/html/xmee/demo/webfonts/fa-solid-900.woff2]
[affixtheme.com/html/xmee/demo/webfonts/fa-solid-900.woff]
[affixtheme.com/html/xmee/demo/webfonts/fa-solid-900.ttf]
[affixtheme.com/html/xmee/demo/css/fontawesome-all.min.css]
[affixtheme.com/html/xmee/demo/font/Flaticon.eot]
[affixtheme.com/html/xmee/demo/font/Flaticond41d.eot]
[affixtheme.com/html/xmee/demo/font/Flaticon.woff2]
[affixtheme.com/html/xmee/demo/font/Flaticon.woff]
[affixtheme.com/html/xmee/demo/font/Flaticon.ttf]
[affixtheme.com/html/xmee/demo/font/Flaticon.svg]
[affixtheme.com/html/xmee/demo/font/flaticon.css]
[affixtheme.com/html/xmee/demo/style.css]
[affixtheme.com/html/xmee/demo/forgot-password-23.html]
[affixtheme.com/html/xmee/demo/register-23.html]
[affixtheme.com/html/xmee/demo/webfonts/fa-brands-400.html]
[affixtheme.com/html/xmee/demo/webfonts/fa-regular-400.html]
[affixtheme.com/html/xmee/demo/webfonts/fa-solid-900.html]
[affixtheme.com/html/xmee/demo/font/Flaticon.svg]
